// Jest Snapshot v1, https://goo.gl/fbAQLP

exports[`Checkout Page renders 1`] = `
<div>
  <div
    class="App"
  />
</div>
`;
