// Jest Snapshot v1, https://goo.gl/fbAQLP

exports[`BlinkSnackbar should render 1`] = `<div />`;
