// Jest Snapshot v1, https://goo.gl/fbAQLP

exports[`Filter should render the component 1`] = `
<div>
  <div
    className="undefined dropdown dropdown-end flex"
  >
    <label
      className=" bg-white border rounded-xl w-full py-2 px-4 flex justify-between items-center undefined"
      tabindex="0"
    >
      <span
        className="flex mr-2 gap-4 items-center"
      >
        <span
          className="font-light"
        >
          Filter
        </span>
      </span>
      <svg
        fill="currentColor"
        height="20"
        stroke="currentColor"
        stroke-width="0"
        viewBox="0 0 20 20"
        width="20"
        xmlns="http://www.w3.org/2000/svg"
      >
        <path
          clip-rule="evenodd"
          d="M5.293 7.293a1 1 0 011.414 0L10 10.586l3.293-3.293a1 1 0 111.414 1.414l-4 4a1 1 0 01-1.414 0l-4-4a1 1 0 010-1.414z"
          fill-rule="evenodd"
        />
      </svg>
    </label>
    <ul
      className="undefined w-48 mt-14 dropdown-content menu p-2 bg-white border rounded-box text-gray-700 font-light"
      tabindex="0"
    >
      <div
        className="overflow-hidden"
      >
        <div
          className="flex justify-between items-center my-6 "
        >
          <div
            className="rounded-md flex items-center"
          >
            <span
              className="p-2 font-extralight text-xs"
            >
               Min
            </span>
            <label
              className="text-sky font-bold text-2xl flex items-start"
              for=""
            >
              10
               
              <span
                className="text-gray-500 font-light text-xs"
              >
                $/mo
              </span>
            </label>
          </div>
          <div
            className="ml-2 font-semibold text-lg"
          >
             - 
          </div>
          <div
            className=" "
          >
            <div
              className="rounded-md flex items-center"
            >
              <span
                className="p-2 font-extralight text-xs"
              >
                 Max
              </span>
              <label
                className="text-sky font-bold text-2xl flex items-start"
                for=""
              >
                10000
                <span
                  className="text-gray-500 font-light text-xs"
                >
                  $/mo
                </span>
              </label>
            </div>
          </div>
        </div>
        <div
          className="mb-4"
        >
          <div
            className="slider relative h-1 rounded-md bg-gray-300"
          >
            <div
              className="progress absolute h-1 bg-green-300 rounded "
              style="left: 0.001%; right: 0%;"
            />
          </div>
          <div
            className="range-input relative  "
          >
            <input
              className="range-min absolute w-full  -top-1  h-1   bg-transparent  appearance-none pointer-events-none"
              max="10000"
              min="10"
              step="1"
              type="range"
              value="10"
            />
            <input
              className="range-max absolute w-full  -top-1 h-1  bg-transparent appearance-none  pointer-events-none"
              max="10000"
              min="10"
              step="1"
              type="range"
              value="10000"
            />
          </div>
        </div>
      </div>
    </ul>
  </div>
</div>
`;
